0 verbose cli C:\Program Files\nodejs\node.exe C:\Users\Ahmed Gharib\AppData\Roaming\npm\node_modules\npm\bin\npm-cli.js
1 info using npm@11.8.0
2 info using node@v24.13.0
3 silly config load:file:C:\Users\Ahmed Gharib\AppData\Roaming\npm\node_modules\npm\npmrc
4 silly config load:file:C:\Users\Ahmed Gharib\AppData\Local\Microsoft\TypeScript\6.0\.npmrc
5 silly config load:file:C:\Users\Ahmed Gharib\.npmrc
6 silly config load:file:C:\Users\Ahmed Gharib\AppData\Roaming\npm\etc\npmrc
7 verbose title npm install types-registry@latest
8 verbose argv "install" "--ignore-scripts" "types-registry@latest"
9 verbose logfile logs-max:10 dir:E:\xampp\htdocs\speech-clinic\.npm-cache\_logs\2026-06-01T23_02_55_565Z-
10 verbose logfile E:\xampp\htdocs\speech-clinic\.npm-cache\_logs\2026-06-01T23_02_55_565Z-debug-0.log
11 silly logfile done cleaning log files
12 silly packumentCache heap:4496293888 maxSize:1124073472 maxEntrySize:562036736
13 silly packumentCache corgi:https://registry.npmmirror.com/types-registry cache-miss
14 http fetch GET 200 https://registry.npmmirror.com/types-registry 1347ms (cache miss)
15 silly packumentCache corgi:https://registry.npmmirror.com/types-registry set size:155929 disposed:false
16 silly idealTree buildDeps
17 silly fetch manifest types-registry@0.1.772
18 silly packumentCache full:https://registry.npmmirror.com/types-registry cache-miss
19 http fetch GET 200 https://registry.npmmirror.com/types-registry 416ms (cache miss)
20 silly packumentCache full:https://registry.npmmirror.com/types-registry set size:245204 disposed:false
21 silly placeDep ROOT types-registry@0.1.772 REPLACE for:  want: 0.1.772
22 silly reify mark retired [
22 silly reify   'C:\\Users\\Ahmed Gharib\\AppData\\Local\\Microsoft\\TypeScript\\6.0\\node_modules\\types-registry'
22 silly reify ]
23 silly reify moves {
23 silly reify   'C:\\Users\\Ahmed Gharib\\AppData\\Local\\Microsoft\\TypeScript\\6.0\\node_modules\\types-registry': 'C:\\Users\\Ahmed Gharib\\AppData\\Local\\Microsoft\\TypeScript\\6.0\\node_modules\\.types-registry-gN9Fzt3O'
23 silly reify }
24 silly audit bulk request {
24 silly audit   '@types/body-parser': [ '1.19.6' ],
24 silly audit   '@types/braces': [ '3.0.5' ],
24 silly audit   '@types/busboy': [ '1.5.4' ],
24 silly audit   '@types/concat-stream': [ '2.0.3' ],
24 silly audit   '@types/connect': [ '3.4.38' ],
24 silly audit   '@types/cookie-signature': [ '1.1.2' ],
24 silly audit   '@types/cors': [ '2.8.19' ],
24 silly audit   '@types/debug': [ '4.1.13' ],
24 silly audit   '@types/depd': [ '1.1.37' ],
24 silly audit   '@types/engine.io': [ '3.1.10' ],
24 silly audit   '@types/express': [ '5.0.6' ],
24 silly audit   '@types/express-serve-static-core': [ '5.1.1' ],
24 silly audit   '@types/express-session': [ '1.19.0' ],
24 silly audit   '@types/fs-extra': [ '11.0.4' ],
24 silly audit   '@types/glob-parent': [ '5.1.3' ],
24 silly audit   '@types/http-errors': [ '2.0.5' ],
24 silly audit   '@types/is-extglob': [ '2.1.0' ],
24 silly audit   '@types/is-glob': [ '4.0.4' ],
24 silly audit   '@types/jsonfile': [ '6.1.4' ],
24 silly audit   '@types/merge-descriptors': [ '1.0.3' ],
24 silly audit   '@types/ms': [ '2.1.0' ],
24 silly audit   '@types/multer': [ '2.1.0' ],
24 silly audit   '@types/node': [ '25.6.0' ],
24 silly audit   '@types/node-fetch': [ '2.6.13' ],
24 silly audit   '@types/normalize-path': [ '3.0.2' ],
24 silly audit   '@types/on-headers': [ '1.0.4' ],
24 silly audit   '@types/parseurl': [ '1.3.3' ],
24 silly audit   '@types/pdf-parse': [ '1.1.5' ],
24 silly audit   '@types/qrcode': [ '1.5.6' ],
24 silly audit   '@types/qs': [ '6.15.0' ],
24 silly audit   '@types/random-bytes': [ '1.0.3' ],
24 silly audit   '@types/range-parser': [ '1.2.7' ],
24 silly audit   '@types/react': [ '19.2.14' ],
24 silly audit   '@types/send': [ '1.2.1' ],
24 silly audit   '@types/serve-static': [ '2.2.0' ],
24 silly audit   '@types/triple-beam': [ '1.3.5' ],
24 silly audit   '@types/type-is': [ '1.6.7' ],
24 silly audit   '@types/uid-safe': [ '2.1.5' ],
24 silly audit   '@types/webidl-conversions': [ '7.0.3' ],
24 silly audit   '@types/whatwg-url': [ '13.0.0' ],
24 silly audit   '@types/ws': [ '8.18.1' ],
24 silly audit   '@types/xtend': [ '4.0.6' ],
24 silly audit   '@types/yargs': [ '17.0.35' ],
24 silly audit   '@types/yargs-parser': [ '21.0.3' ],
24 silly audit   asynckit: [ '0.4.0' ],
24 silly audit   'call-bind-apply-helpers': [ '1.0.2' ],
24 silly audit   'combined-stream': [ '1.0.8' ],
24 silly audit   csstype: [ '3.2.3' ],
24 silly audit   'delayed-stream': [ '1.0.0' ],
24 silly audit   'dunder-proto': [ '1.0.1' ],
24 silly audit   'es-define-property': [ '1.0.1' ],
24 silly audit   'es-errors': [ '1.3.0' ],
24 silly audit   'es-object-atoms': [ '1.1.1' ],
24 silly audit   'es-set-tostringtag': [ '2.1.0' ],
24 silly audit   'form-data': [ '4.0.5' ],
24 silly audit   'function-bind': [ '1.1.2' ],
24 silly audit   'get-intrinsic': [ '1.3.0' ],
24 silly audit   'get-proto': [ '1.0.1' ],
24 silly audit   gopd: [ '1.2.0' ],
24 silly audit   'has-symbols': [ '1.1.0' ],
24 silly audit   'has-tostringtag': [ '1.0.2' ],
24 silly audit   hasown: [ '2.0.2' ],
24 silly audit   'math-intrinsics': [ '1.1.0' ],
24 silly audit   'mime-db': [ '1.52.0' ],
24 silly audit   'mime-types': [ '2.1.35' ],
24 silly audit   'undici-types': [ '7.19.2' ],
24 silly audit   'types-registry': [ '0.1.772' ]
24 silly audit }
25 http cache types-registry@https://registry.npmmirror.com/types-registry/-/types-registry-0.1.772.tgz 0ms (cache hit)
26 silly tarball no local data for types-registry@https://registry.npmmirror.com/types-registry/-/types-registry-0.1.772.tgz. Extracting by manifest.
27 http fetch POST 404 https://registry.npmmirror.com/-/npm/v1/security/advisories/bulk 29ms
28 verbose audit error HttpErrorGeneral: 404 Not Found - POST https://registry.npmmirror.com/-/npm/v1/security/advisories/bulk - [NOT_IMPLEMENTED] /-/npm/v1/security/* not implemented yet
28 verbose audit error     at C:\Users\Ahmed Gharib\AppData\Roaming\npm\node_modules\npm\node_modules\npm-registry-fetch\lib\check-response.js:103:15
28 verbose audit error     at process.processTicksAndRejections (node:internal/process/task_queues:103:5)
28 verbose audit error     at async #getReport (C:\Users\Ahmed Gharib\AppData\Roaming\npm\node_modules\npm\node_modules\@npmcli\arborist\lib\audit-report.js:275:19)
28 verbose audit error     at async AuditReport.run (C:\Users\Ahmed Gharib\AppData\Roaming\npm\node_modules\npm\node_modules\@npmcli\arborist\lib\audit-report.js:100:19) {
28 verbose audit error   headers: [Object: null prototype] {
28 verbose audit error     server: [ 'Tengine' ],
28 verbose audit error     date: [ 'Mon, 01 Jun 2026 23:02:59 GMT' ],
28 verbose audit error     'content-type': [ 'application/json' ],
28 verbose audit error     'transfer-encoding': [ 'chunked' ],
28 verbose audit error     connection: [ 'keep-alive' ],
28 verbose audit error     'strict-transport-security': [ 'max-age=5184000' ],
28 verbose audit error     via: [ 'ens-cache10.eg1[,404666]' ],
28 verbose audit error     'timing-allow-origin': [ '*' ],
28 verbose audit error     eagleid: [ 'a3b5619e17803549791026961e' ],
28 verbose audit error     'x-fetch-attempts': [ '1' ]
28 verbose audit error   },
28 verbose audit error   statusCode: 404,
28 verbose audit error   code: 'E404',
28 verbose audit error   method: 'POST',
28 verbose audit error   uri: 'https://registry.npmmirror.com/-/npm/v1/security/advisories/bulk',
28 verbose audit error   body: {
28 verbose audit error     error: '[NOT_IMPLEMENTED] /-/npm/v1/security/* not implemented yet'
28 verbose audit error   },
28 verbose audit error   pkgid: undefined
28 verbose audit error }
29 silly audit error [object Object]
30 silly audit report null
31 http fetch GET 200 https://cdn.npmmirror.com/packages/types-registry/0.1.772/types-registry-0.1.772.tgz 1643ms (cache miss)
32 silly CHANGE node_modules/types-registry
33 verbose cwd C:\Users\Ahmed Gharib\AppData\Local\Microsoft\TypeScript\6.0
34 verbose os Windows_NT 10.0.26100
35 verbose node v24.13.0
36 verbose npm  v11.8.0
37 verbose exit 0
38 info ok
